---
source: pom-lexer/src/tests.rs
expression: "lex(\"55 ^ $ 47\")"
---
(
    [
        Token {
            kind: Int,
            span: Span {
                start: 0,
                end: 2,
            },
        },
        Token {
            kind: Int,
            span: Span {
                start: 7,
                end: 9,
            },
        },
        Token {
            kind: Eof,
            span: Span {
                start: 4294967295,
                end: 4294967295,
            },
        },
    ],
    [
        Error {
            kind: UnknownToken,
            span: Span {
                start: 3,
                end: 4,
            },
        },
        Error {
            kind: UnknownToken,
            span: Span {
                start: 5,
                end: 6,
            },
        },
    ],
)
