---
source: pom-lexer/src/tests.rs
expression: "lex(\"truee falsee\")"
---
(
    [
        Token {
            kind: Ident,
            span: Span {
                start: 0,
                end: 5,
            },
        },
        Token {
            kind: Ident,
            span: Span {
                start: 6,
                end: 12,
            },
        },
        Token {
            kind: Eof,
            span: Span {
                start: 4294967295,
                end: 4294967295,
            },
        },
    ],
    [],
)
