---
source: pom-parser/src/tests.rs
expression: "test(\"var := 55;\")"
---
(
    Ast {
        items: [
            Id<Stmt>(0),
        ],
        stmts: Arena(
            [
                Stmt {
                    kind: Bind(
                        Bind {
                            lhs: Id<Expr>(0),
                            kind: Infer,
                            rhs: Some(
                                Id<Expr>(1),
                            ),
                        },
                    ),
                    span: Span {
                        start: 0,
                        end: 10,
                    },
                },
            ],
        ),
        exprs: Arena(
            [
                Expr {
                    kind: Ident,
                    span: Span {
                        start: 0,
                        end: 3,
                    },
                },
                Expr {
                    kind: Literal(
                        Int(
                            55,
                        ),
                    ),
                    span: Span {
                        start: 7,
                        end: 9,
                    },
                },
            ],
        ),
    },
    Arena(
        [],
    ),
)
