---
source: pom-parser/src/tests.rs
expression: "lex_and_parse(\"var: u32;\")"
---
(
    Ast {
        items: [
            Id(0),
        ],
        stmts: Arena(
            [
                Stmt {
                    kind: Bind {
                        lhs: Id(0),
                        kind: Some(
                            Id(1),
                        ),
                        rhs: None,
                    },
                    span: Span {
                        start: 0,
                        end: 9,
                    },
                },
            ],
        ),
        exprs: Arena(
            [
                Expr {
                    kind: Ident,
                    span: Span {
                        start: 0,
                        end: 3,
                    },
                },
                Expr {
                    kind: Ident,
                    span: Span {
                        start: 5,
                        end: 8,
                    },
                },
            ],
        ),
    },
    [],
)
