---
source: pom-parser/src/tests.rs
expression: "lex_and_parse(\"var: 55 = 47;\")"
---
(
    Ast {
        items: [
            Id(0),
        ],
        stmts: Arena(
            [
                Stmt {
                    kind: Bind {
                        lhs: Id(0),
                        kind: Some(
                            Id(1),
                        ),
                        rhs: Some(
                            Id(2),
                        ),
                    },
                    span: Span {
                        start: 0,
                        end: 13,
                    },
                },
            ],
        ),
        exprs: Arena(
            [
                Expr {
                    kind: Ident,
                    span: Span {
                        start: 0,
                        end: 3,
                    },
                },
                Expr {
                    kind: Number(
                        Int(
                            55,
                        ),
                    ),
                    span: Span {
                        start: 5,
                        end: 7,
                    },
                },
                Expr {
                    kind: Number(
                        Int(
                            47,
                        ),
                    ),
                    span: Span {
                        start: 10,
                        end: 12,
                    },
                },
            ],
        ),
    },
    [],
)
