---
source: pom-parser/src/tests.rs
expression: "lex_and_parse(\"{}\")"
---
(
    Ast {
        items: [
            Id<Stmt>(0),
        ],
        stmts: Arena(
            [
                Stmt {
                    kind: Block(
                        [],
                    ),
                    span: Span {
                        start: 0,
                        end: 2,
                    },
                },
            ],
        ),
        exprs: Arena(
            [],
        ),
    },
    Arena(
        [],
    ),
)
