---
source: pom-parser/src/tests.rs
expression: "test(\"f: fn (a := 55;\")"
---
(
    Ast {
        items: [
            Id<Stmt>(1),
        ],
        stmts: Arena(
            [
                Stmt {
                    kind: Bind(
                        Bind {
                            lhs: Id<Expr>(1),
                            ty: Fn {
                                params: [
                                    Bind {
                                        lhs: Id<Expr>(2),
                                        ty: Infer,
                                        rhs: Some(
                                            Id<Expr>(3),
                                        ),
                                    },
                                ],
                            },
                            rhs: Some(
                                Id<Expr>(4),
                            ),
                        },
                    ),
                    span: Span {
                        start: 0,
                        end: 15,
                    },
                },
            ],
        ),
        exprs: Arena(
            [
                Expr {
                    kind: Ident,
                    span: Span {
                        start: 0,
                        end: 1,
                    },
                },
                Expr {
                    kind: Ident,
                    span: Span {
                        start: 7,
                        end: 8,
                    },
                },
                Expr {
                    kind: Literal(
                        Int(
                            55,
                        ),
                    ),
                    span: Span {
                        start: 12,
                        end: 14,
                    },
                },
                Expr {
                    kind: Invalid(
                        Id<Error>(2),
                    ),
                    span: Span {
                        start: 0,
                        end: 15,
                    },
                },
            ],
        ),
    },
    Arena(
        [
            Error {
                kind: UnexpectedToken {
                    wanted: [
                        Comma,
                        RParen,
                    ],
                    got: Token {
                        kind: Semicolon,
                        span: Span {
                            start: 14,
                            end: 15,
                        },
                    },
                },
                span: Span {
                    start: 6,
                    end: 14,
                },
            },
            Error {
                kind: UnexpectedToken {
                    wanted: [
                        Equal,
                        Semicolon,
                    ],
                    got: Token {
                        kind: Eof,
                        span: Span {
                            start: 4294967295,
                            end: 4294967295,
                        },
                    },
                },
                span: Span {
                    start: 0,
                    end: 15,
                },
            },
            Error {
                kind: UnexpectedToken {
                    wanted: [
                        Semicolon,
                    ],
                    got: Token {
                        kind: Eof,
                        span: Span {
                            start: 4294967295,
                            end: 4294967295,
                        },
                    },
                },
                span: Span {
                    start: 0,
                    end: 15,
                },
            },
        ],
    ),
)
