---
source: pom-parser/src/tests.rs
expression: "lex_and_parse(\"(55 + 47);\")"
---
(
    Ast {
        items: [
            Id(0),
        ],
        stmts: Arena(
            [
                Stmt {
                    kind: Expr(
                        Id(3),
                    ),
                    span: Span {
                        start: 0,
                        end: 10,
                    },
                },
            ],
        ),
        exprs: Arena(
            [
                Expr {
                    kind: Literal(
                        Int(
                            55,
                        ),
                    ),
                    span: Span {
                        start: 1,
                        end: 3,
                    },
                },
                Expr {
                    kind: Literal(
                        Int(
                            47,
                        ),
                    ),
                    span: Span {
                        start: 6,
                        end: 8,
                    },
                },
                Expr {
                    kind: Binary {
                        lhs: Id(0),
                        op: Add,
                        rhs: Id(1),
                    },
                    span: Span {
                        start: 1,
                        end: 8,
                    },
                },
                Expr {
                    kind: Paren(
                        Id(2),
                    ),
                    span: Span {
                        start: 0,
                        end: 9,
                    },
                },
            ],
        ),
    },
    [],
)
